{"error":"\nInvalid `prisma.schedulingRequest.create()` invocation in\nC:\\Users\\rohan\\OneDrive\\Desktop\\Outbox\\backend\\src\\routes\\email.ts:26:52\n\n  23 const data = scheduleSchema.parse(req.body);\n  24 \n  25 // 1. Save Scheduling Request\n→ 26 const request = await prisma.schedulingRequest.create(\nAuthentication failed against database server at `localhost`, the provided database credentials for `postgres` are not valid.\n\nPlease make sure to provide valid database credentials for the database server at `localhost`."}